// Jest Snapshot v1, https://goo.gl/fbAQLP

exports[`CboardLogo tests default renderer 1`] = `
<CSSTransition
  appear={true}
  classNames="transition"
  in={false}
  timeout={5000}
>
  <img
    alt="Cboard Logo"
    className="CboardLogo"
    src="/images/logo_no_words.svg"
  />
</CSSTransition>
`;
