// Jest Snapshot v1, https://goo.gl/fbAQLP

exports[`VoiceRecorder tests default renderer 1`] = `
<div
  className="VoiceRecorder"
>
  <IconButton
    label="Record"
    onClick={[Function]}
  >
    <UNDEFINED
      style={
        Object {
          "color": "black",
        }
      }
    />
  </IconButton>
  <React.Fragment>
    <IconButton
      label="Play recording"
      onClick={[Function]}
    >
      <UNDEFINED />
    </IconButton>
    <IconButton
      label="Clear recording"
      onClick={[Function]}
    >
      <UNDEFINED />
    </IconButton>
  </React.Fragment>
</div>
`;
