// Jest Snapshot v1, https://goo.gl/fbAQLP

exports[`VoiceRecorder tests default renderer 1`] = `
<div
  className="VoiceRecorder"
>
  <IconButton
    label="Record"
    onClick={[Function]}
  >
    <pure(MicIcon)
      style={
        Object {
          "color": "black",
        }
      }
    />
  </IconButton>
</div>
`;
