// Jest Snapshot v1, https://goo.gl/fbAQLP

exports[`ColorSelection tests default renderer 1`] = `
<div
  className="MuiFormControl-root-1 ColorSelection"
  onBlur={[Function]}
  onFocus={[Function]}
>
  <label
    className="MuiFormLabel-root-5"
  >
    Color
  </label>
  <div
    aria-label="Color"
    className="MuiFormGroup-root-11"
    role="radiogroup"
    style={
      Object {
        "flexDirection": "row",
      }
    }
  >
    <span
      aria-label="purple"
      className="MuiButtonBase-root-29 MuiIconButton-root-23 MuiSwitchBase-root-18 MuiSwitchBase-default-20 MuiRadio-default-13"
      onBlur={[Function]}
      onFocus={[Function]}
      onKeyDown={[Function]}
      onKeyUp={[Function]}
      onMouseDown={[Function]}
      onMouseLeave={[Function]}
      onMouseUp={[Function]}
      onTouchEnd={[Function]}
      onTouchMove={[Function]}
      onTouchStart={[Function]}
      role={undefined}
      tabIndex={null}
    >
      <span
        className="MuiIconButton-label-28"
      >
        <svg
          height="48"
          width="48"
        >
          <circle
            cx="24"
            cy="24"
            fill="#CE93D8"
            r="15"
            stroke="black"
            strokeWidth={0}
          />
        </svg>
        <input
          checked={false}
          className="MuiSwitchBase-input-19"
          disabled={false}
          id={undefined}
          name="color"
          onChange={[Function]}
          tabIndex={undefined}
          type="radio"
          value="purple"
        />
      </span>
      <span
        className="MuiTouchRipple-root-32"
      />
    </span>
    <span
      aria-label="blue"
      className="MuiButtonBase-root-29 MuiIconButton-root-23 MuiSwitchBase-root-18 MuiSwitchBase-default-20 MuiRadio-default-13"
      onBlur={[Function]}
      onFocus={[Function]}
      onKeyDown={[Function]}
      onKeyUp={[Function]}
      onMouseDown={[Function]}
      onMouseLeave={[Function]}
      onMouseUp={[Function]}
      onTouchEnd={[Function]}
      onTouchMove={[Function]}
      onTouchStart={[Function]}
      role={undefined}
      tabIndex={null}
    >
      <span
        className="MuiIconButton-label-28"
      >
        <svg
          height="48"
          width="48"
        >
          <circle
            cx="24"
            cy="24"
            fill="#2196F3"
            r="15"
            stroke="black"
            strokeWidth={0}
          />
        </svg>
        <input
          checked={false}
          className="MuiSwitchBase-input-19"
          disabled={false}
          id={undefined}
          name="color"
          onChange={[Function]}
          tabIndex={undefined}
          type="radio"
          value="blue"
        />
      </span>
      <span
        className="MuiTouchRipple-root-32"
      />
    </span>
    <span
      aria-label="green"
      className="MuiButtonBase-root-29 MuiIconButton-root-23 MuiSwitchBase-root-18 MuiSwitchBase-default-20 MuiRadio-default-13"
      onBlur={[Function]}
      onFocus={[Function]}
      onKeyDown={[Function]}
      onKeyUp={[Function]}
      onMouseDown={[Function]}
      onMouseLeave={[Function]}
      onMouseUp={[Function]}
      onTouchEnd={[Function]}
      onTouchMove={[Function]}
      onTouchStart={[Function]}
      role={undefined}
      tabIndex={null}
    >
      <span
        className="MuiIconButton-label-28"
      >
        <svg
          height="48"
          width="48"
        >
          <circle
            cx="24"
            cy="24"
            fill="#4CAF50"
            r="15"
            stroke="black"
            strokeWidth={0}
          />
        </svg>
        <input
          checked={false}
          className="MuiSwitchBase-input-19"
          disabled={false}
          id={undefined}
          name="color"
          onChange={[Function]}
          tabIndex={undefined}
          type="radio"
          value="green"
        />
      </span>
      <span
        className="MuiTouchRipple-root-32"
      />
    </span>
    <span
      aria-label="red"
      className="MuiButtonBase-root-29 MuiIconButton-root-23 MuiSwitchBase-root-18 MuiSwitchBase-default-20 MuiRadio-default-13"
      onBlur={[Function]}
      onFocus={[Function]}
      onKeyDown={[Function]}
      onKeyUp={[Function]}
      onMouseDown={[Function]}
      onMouseLeave={[Function]}
      onMouseUp={[Function]}
      onTouchEnd={[Function]}
      onTouchMove={[Function]}
      onTouchStart={[Function]}
      role={undefined}
      tabIndex={null}
    >
      <span
        className="MuiIconButton-label-28"
      >
        <svg
          height="48"
          width="48"
        >
          <circle
            cx="24"
            cy="24"
            fill="#E57373"
            r="15"
            stroke="black"
            strokeWidth={0}
          />
        </svg>
        <input
          checked={false}
          className="MuiSwitchBase-input-19"
          disabled={false}
          id={undefined}
          name="color"
          onChange={[Function]}
          tabIndex={undefined}
          type="radio"
          value="red"
        />
      </span>
      <span
        className="MuiTouchRipple-root-32"
      />
    </span>
  </div>
</div>
`;
