// Jest Snapshot v1, https://goo.gl/fbAQLP

exports[`ColorSelection tests default renderer 1`] = `
<ColorSelection
  colors={
    Array [
      Object {
        "name": "purple",
        "value": "#CE93D8",
      },
      Object {
        "name": "blue",
        "value": "#2196F3",
      },
      Object {
        "name": "green",
        "value": "#4CAF50",
      },
      Object {
        "name": "red",
        "value": "#E57373",
      },
    ]
  }
  intl={
    Object {
      "formatMessage": [Function],
    }
  }
/>
`;
