// Jest Snapshot v1, https://goo.gl/fbAQLP

exports[`FullScreenDialog tests default renderer 1`] = `
<FullScreenDialog
  classes={
    Object {
      "appBar": "FullScreenDialog-appBar-1",
      "container": "FullScreenDialog-container-3",
      "content": "FullScreenDialog-content-4",
      "title": "FullScreenDialog-title-2",
    }
  }
  onClose={[Function]}
/>
`;
