// Jest Snapshot v1, https://goo.gl/fbAQLP

exports[`ClearButton tests default renderer 1`] = `
<Unknown>
  <ForwardRef(WithStyles(ForwardRef(IconButton)))
    aria-label="Clear"
    className="Output__button__sm"
  >
    <UNDEFINED
      className="Output__icon__sm"
    />
  </ForwardRef(WithStyles(ForwardRef(IconButton)))>
</Unknown>
`;
