// Jest Snapshot v1, https://goo.gl/fbAQLP

exports[`Settings component tests renders  1`] = `
ShallowWrapper {
  Symbol(enzyme.__root__): [Circular],
  Symbol(enzyme.__unrendered__): <Settings
    isLogged={false}
    logout={[Function]}
    user={Object {}}
  />,
  Symbol(enzyme.__renderer__): Object {
    "batchedUpdates": [Function],
    "checkPropTypes": [Function],
    "getNode": [Function],
    "render": [Function],
    "simulateError": [Function],
    "simulateEvent": [Function],
    "unmount": [Function],
  },
  Symbol(enzyme.__node__): Object {
    "instance": null,
    "key": undefined,
    "nodeType": "function",
    "props": Object {
      "children": Array [
        <SettingsSection
          settings={
            Array [
              Object {
                "icon": <div
                  className="Settings__UserIcon__Container"
                >
                  <UNDEFINED
                    accountIcon={
                      Object {
                        "$$typeof": Symbol(react.memo),
                        "compare": null,
                        "displayName": "PersonIcon",
                        "muiName": "SvgIcon",
                        "type": Object {
                          "$$typeof": Symbol(react.forward_ref),
                          "render": [Function],
                        },
                      }
                    }
                    link={false}
                  />
                </div>,
                "rightContent": <ForwardRef(WithStyles)
                  color="primary"
                  component={
                    Object {
                      "$$typeof": Symbol(react.forward_ref),
                      "displayName": "Link",
                      "propTypes": Object {
                        "innerRef": [Function],
                        "onClick": [Function],
                        "replace": [Function],
                        "target": [Function],
                        "to": [Function],
                      },
                      "render": [Function],
                    }
                  }
                  to="/login-signup"
                >
                  <FormattedMessage
                    defaultMessage="Login / Sign Up"
                    id="cboard.components.Settings.loginSignup"
                    values={Object {}}
                  />
                </ForwardRef(WithStyles)>,
                "secondary": null,
                "text": Object {
                  "defaultMessage": "Guest",
                  "id": "cboard.components.Settings.guest",
                },
                "url": "/settings/people",
              },
            ]
          }
          subheader={
            Object {
              "defaultMessage": "People",
              "id": "cboard.components.Settings.people",
            }
          }
        />,
        <SettingsSection
          settings={
            Array [
              Object {
                "icon": <UNDEFINED />,
                "text": Object {
                  "defaultMessage": "Language",
                  "id": "cboard.components.Settings.language",
                },
                "url": "/settings/language",
              },
              Object {
                "icon": <UNDEFINED />,
                "text": Object {
                  "defaultMessage": "Speech",
                  "id": "cboard.components.Settings.speech",
                },
                "url": "/settings/speech",
              },
            ]
          }
          subheader={
            Object {
              "defaultMessage": "Language",
              "id": "cboard.components.Settings.language",
            }
          }
        />,
        <SettingsSection
          settings={
            Array [
              Object {
                "icon": <UNDEFINED />,
                "text": Object {
                  "defaultMessage": "Export",
                  "id": "cboard.components.Settings.export",
                },
                "url": "/settings/export",
              },
              Object {
                "icon": <UNDEFINED />,
                "text": Object {
                  "defaultMessage": "Import",
                  "id": "cboard.components.Settings.import",
                },
                "url": "/settings/import",
              },
              Object {
                "icon": <UNDEFINED />,
                "text": Object {
                  "defaultMessage": "Display",
                  "id": "cboard.components.Settings.display",
                },
                "url": "/settings/display",
              },
              Object {
                "icon": <UNDEFINED />,
                "text": Object {
                  "defaultMessage": "Scanning",
                  "id": "cboard.components.Settings.scanning",
                },
                "url": "/settings/scanning",
              },
              Object {
                "icon": <UNDEFINED />,
                "text": Object {
                  "defaultMessage": "Navigation",
                  "id": "cboard.components.Settings.navigation",
                },
                "url": "/settings/navigation",
              },
            ]
          }
          subheader={
            Object {
              "defaultMessage": "System",
              "id": "cboard.components.Settings.system",
            }
          }
        />,
        <SettingsSection
          settings={
            Array [
              Object {
                "icon": <UNDEFINED />,
                "onClick": [Function],
                "text": Object {
                  "defaultMessage": "User Help",
                  "id": "cboard.components.Settings.userHelp",
                },
              },
              Object {
                "icon": <UNDEFINED />,
                "text": Object {
                  "defaultMessage": "About Cboard",
                  "id": "cboard.components.Settings.about",
                },
                "url": "/settings/about",
              },
              Object {
                "icon": <UNDEFINED />,
                "onClick": [Function],
                "text": Object {
                  "defaultMessage": "Donate",
                  "id": "cboard.components.Settings.donate",
                },
              },
              Object {
                "icon": <UNDEFINED />,
                "onClick": [Function],
                "text": Object {
                  "defaultMessage": "Feedback",
                  "id": "cboard.components.Settings.feedback",
                },
              },
            ]
          }
          subheader={
            Object {
              "defaultMessage": "Help",
              "id": "cboard.components.Settings.help",
            }
          }
        />,
      ],
      "className": "Settings",
      "onClose": [Function],
      "open": true,
      "title": <FormattedMessage
        defaultMessage="Settings"
        id="cboard.components.Settings.settings"
        values={Object {}}
      />,
    },
    "ref": null,
    "rendered": Array [
      Object {
        "instance": null,
        "key": "0",
        "nodeType": "class",
        "props": Object {
          "settings": Array [
            Object {
              "icon": <div
                className="Settings__UserIcon__Container"
              >
                <UNDEFINED
                  accountIcon={
                    Object {
                      "$$typeof": Symbol(react.memo),
                      "compare": null,
                      "displayName": "PersonIcon",
                      "muiName": "SvgIcon",
                      "type": Object {
                        "$$typeof": Symbol(react.forward_ref),
                        "render": [Function],
                      },
                    }
                  }
                  link={false}
                />
              </div>,
              "rightContent": <ForwardRef(WithStyles)
                color="primary"
                component={
                  Object {
                    "$$typeof": Symbol(react.forward_ref),
                    "displayName": "Link",
                    "propTypes": Object {
                      "innerRef": [Function],
                      "onClick": [Function],
                      "replace": [Function],
                      "target": [Function],
                      "to": [Function],
                    },
                    "render": [Function],
                  }
                }
                to="/login-signup"
              >
                <FormattedMessage
                  defaultMessage="Login / Sign Up"
                  id="cboard.components.Settings.loginSignup"
                  values={Object {}}
                />
              </ForwardRef(WithStyles)>,
              "secondary": null,
              "text": Object {
                "defaultMessage": "Guest",
                "id": "cboard.components.Settings.guest",
              },
              "url": "/settings/people",
            },
          ],
          "subheader": Object {
            "defaultMessage": "People",
            "id": "cboard.components.Settings.people",
          },
        },
        "ref": null,
        "rendered": null,
        "type": [Function],
      },
      Object {
        "instance": null,
        "key": "1",
        "nodeType": "class",
        "props": Object {
          "settings": Array [
            Object {
              "icon": <UNDEFINED />,
              "text": Object {
                "defaultMessage": "Language",
                "id": "cboard.components.Settings.language",
              },
              "url": "/settings/language",
            },
            Object {
              "icon": <UNDEFINED />,
              "text": Object {
                "defaultMessage": "Speech",
                "id": "cboard.components.Settings.speech",
              },
              "url": "/settings/speech",
            },
          ],
          "subheader": Object {
            "defaultMessage": "Language",
            "id": "cboard.components.Settings.language",
          },
        },
        "ref": null,
        "rendered": null,
        "type": [Function],
      },
      Object {
        "instance": null,
        "key": "2",
        "nodeType": "class",
        "props": Object {
          "settings": Array [
            Object {
              "icon": <UNDEFINED />,
              "text": Object {
                "defaultMessage": "Export",
                "id": "cboard.components.Settings.export",
              },
              "url": "/settings/export",
            },
            Object {
              "icon": <UNDEFINED />,
              "text": Object {
                "defaultMessage": "Import",
                "id": "cboard.components.Settings.import",
              },
              "url": "/settings/import",
            },
            Object {
              "icon": <UNDEFINED />,
              "text": Object {
                "defaultMessage": "Display",
                "id": "cboard.components.Settings.display",
              },
              "url": "/settings/display",
            },
            Object {
              "icon": <UNDEFINED />,
              "text": Object {
                "defaultMessage": "Scanning",
                "id": "cboard.components.Settings.scanning",
              },
              "url": "/settings/scanning",
            },
            Object {
              "icon": <UNDEFINED />,
              "text": Object {
                "defaultMessage": "Navigation",
                "id": "cboard.components.Settings.navigation",
              },
              "url": "/settings/navigation",
            },
          ],
          "subheader": Object {
            "defaultMessage": "System",
            "id": "cboard.components.Settings.system",
          },
        },
        "ref": null,
        "rendered": null,
        "type": [Function],
      },
      Object {
        "instance": null,
        "key": "3",
        "nodeType": "class",
        "props": Object {
          "settings": Array [
            Object {
              "icon": <UNDEFINED />,
              "onClick": [Function],
              "text": Object {
                "defaultMessage": "User Help",
                "id": "cboard.components.Settings.userHelp",
              },
            },
            Object {
              "icon": <UNDEFINED />,
              "text": Object {
                "defaultMessage": "About Cboard",
                "id": "cboard.components.Settings.about",
              },
              "url": "/settings/about",
            },
            Object {
              "icon": <UNDEFINED />,
              "onClick": [Function],
              "text": Object {
                "defaultMessage": "Donate",
                "id": "cboard.components.Settings.donate",
              },
            },
            Object {
              "icon": <UNDEFINED />,
              "onClick": [Function],
              "text": Object {
                "defaultMessage": "Feedback",
                "id": "cboard.components.Settings.feedback",
              },
            },
          ],
          "subheader": Object {
            "defaultMessage": "Help",
            "id": "cboard.components.Settings.help",
          },
        },
        "ref": null,
        "rendered": null,
        "type": [Function],
      },
    ],
    "type": Object {
      "$$typeof": Symbol(react.forward_ref),
      "Naked": [Function],
      "defaultProps": Object {
        "onClose": [Function],
      },
      "displayName": "WithStyles(FullScreenDialog)",
      "options": Object {
        "defaultTheme": Object {
          "breakpoints": Object {
            "between": [Function],
            "down": [Function],
            "keys": Array [
              "xs",
              "sm",
              "md",
              "lg",
              "xl",
            ],
            "only": [Function],
            "up": [Function],
            "values": Object {
              "lg": 1280,
              "md": 960,
              "sm": 600,
              "xl": 1920,
              "xs": 0,
            },
            "width": [Function],
          },
          "direction": "ltr",
          "mixins": Object {
            "gutters": [Function],
            "toolbar": Object {
              "@media (min-width:0px) and (orientation: landscape)": Object {
                "minHeight": 48,
              },
              "@media (min-width:600px)": Object {
                "minHeight": 64,
              },
              "minHeight": 56,
            },
          },
          "overrides": Object {},
          "palette": Object {
            "action": Object {
              "active": "rgba(0, 0, 0, 0.54)",
              "disabled": "rgba(0, 0, 0, 0.26)",
              "disabledBackground": "rgba(0, 0, 0, 0.12)",
              "hover": "rgba(0, 0, 0, 0.04)",
              "hoverOpacity": 0.04,
              "selected": "rgba(0, 0, 0, 0.08)",
              "selectedOpacity": 0.08,
            },
            "augmentColor": [Function],
            "background": Object {
              "default": "#fafafa",
              "paper": "#fff",
            },
            "common": Object {
              "black": "#000",
              "white": "#fff",
            },
            "contrastThreshold": 3,
            "divider": "rgba(0, 0, 0, 0.12)",
            "error": Object {
              "contrastText": "#fff",
              "dark": "#d32f2f",
              "light": "#e57373",
              "main": "#f44336",
            },
            "getContrastText": [Function],
            "grey": Object {
              "100": "#f5f5f5",
              "200": "#eeeeee",
              "300": "#e0e0e0",
              "400": "#bdbdbd",
              "50": "#fafafa",
              "500": "#9e9e9e",
              "600": "#757575",
              "700": "#616161",
              "800": "#424242",
              "900": "#212121",
              "A100": "#d5d5d5",
              "A200": "#aaaaaa",
              "A400": "#303030",
              "A700": "#616161",
            },
            "info": Object {
              "contrastText": "#fff",
              "dark": "#1976d2",
              "light": "#64b5f6",
              "main": "#2196f3",
            },
            "primary": Object {
              "contrastText": "#fff",
              "dark": "#303f9f",
              "light": "#7986cb",
              "main": "#3f51b5",
            },
            "secondary": Object {
              "contrastText": "#fff",
              "dark": "#c51162",
              "light": "#ff4081",
              "main": "#f50057",
            },
            "success": Object {
              "contrastText": "rgba(0, 0, 0, 0.87)",
              "dark": "#388e3c",
              "light": "#81c784",
              "main": "#4caf50",
            },
            "text": Object {
              "disabled": "rgba(0, 0, 0, 0.38)",
              "hint": "rgba(0, 0, 0, 0.38)",
              "primary": "rgba(0, 0, 0, 0.87)",
              "secondary": "rgba(0, 0, 0, 0.54)",
            },
            "tonalOffset": 0.2,
            "type": "light",
            "warning": Object {
              "contrastText": "rgba(0, 0, 0, 0.87)",
              "dark": "#f57c00",
              "light": "#ffb74d",
              "main": "#ff9800",
            },
          },
          "props": Object {},
          "shadows": Array [
            "none",
            "0px 2px 1px -1px rgba(0,0,0,0.2),0px 1px 1px 0px rgba(0,0,0,0.14),0px 1px 3px 0px rgba(0,0,0,0.12)",
            "0px 3px 1px -2px rgba(0,0,0,0.2),0px 2px 2px 0px rgba(0,0,0,0.14),0px 1px 5px 0px rgba(0,0,0,0.12)",
            "0px 3px 3px -2px rgba(0,0,0,0.2),0px 3px 4px 0px rgba(0,0,0,0.14),0px 1px 8px 0px rgba(0,0,0,0.12)",
            "0px 2px 4px -1px rgba(0,0,0,0.2),0px 4px 5px 0px rgba(0,0,0,0.14),0px 1px 10px 0px rgba(0,0,0,0.12)",
            "0px 3px 5px -1px rgba(0,0,0,0.2),0px 5px 8px 0px rgba(0,0,0,0.14),0px 1px 14px 0px rgba(0,0,0,0.12)",
            "0px 3px 5px -1px rgba(0,0,0,0.2),0px 6px 10px 0px rgba(0,0,0,0.14),0px 1px 18px 0px rgba(0,0,0,0.12)",
            "0px 4px 5px -2px rgba(0,0,0,0.2),0px 7px 10px 1px rgba(0,0,0,0.14),0px 2px 16px 1px rgba(0,0,0,0.12)",
            "0px 5px 5px -3px rgba(0,0,0,0.2),0px 8px 10px 1px rgba(0,0,0,0.14),0px 3px 14px 2px rgba(0,0,0,0.12)",
            "0px 5px 6px -3px rgba(0,0,0,0.2),0px 9px 12px 1px rgba(0,0,0,0.14),0px 3px 16px 2px rgba(0,0,0,0.12)",
            "0px 6px 6px -3px rgba(0,0,0,0.2),0px 10px 14px 1px rgba(0,0,0,0.14),0px 4px 18px 3px rgba(0,0,0,0.12)",
            "0px 6px 7px -4px rgba(0,0,0,0.2),0px 11px 15px 1px rgba(0,0,0,0.14),0px 4px 20px 3px rgba(0,0,0,0.12)",
            "0px 7px 8px -4px rgba(0,0,0,0.2),0px 12px 17px 2px rgba(0,0,0,0.14),0px 5px 22px 4px rgba(0,0,0,0.12)",
            "0px 7px 8px -4px rgba(0,0,0,0.2),0px 13px 19px 2px rgba(0,0,0,0.14),0px 5px 24px 4px rgba(0,0,0,0.12)",
            "0px 7px 9px -4px rgba(0,0,0,0.2),0px 14px 21px 2px rgba(0,0,0,0.14),0px 5px 26px 4px rgba(0,0,0,0.12)",
            "0px 8px 9px -5px rgba(0,0,0,0.2),0px 15px 22px 2px rgba(0,0,0,0.14),0px 6px 28px 5px rgba(0,0,0,0.12)",
            "0px 8px 10px -5px rgba(0,0,0,0.2),0px 16px 24px 2px rgba(0,0,0,0.14),0px 6px 30px 5px rgba(0,0,0,0.12)",
            "0px 8px 11px -5px rgba(0,0,0,0.2),0px 17px 26px 2px rgba(0,0,0,0.14),0px 6px 32px 5px rgba(0,0,0,0.12)",
            "0px 9px 11px -5px rgba(0,0,0,0.2),0px 18px 28px 2px rgba(0,0,0,0.14),0px 7px 34px 6px rgba(0,0,0,0.12)",
            "0px 9px 12px -6px rgba(0,0,0,0.2),0px 19px 29px 2px rgba(0,0,0,0.14),0px 7px 36px 6px rgba(0,0,0,0.12)",
            "0px 10px 13px -6px rgba(0,0,0,0.2),0px 20px 31px 3px rgba(0,0,0,0.14),0px 8px 38px 7px rgba(0,0,0,0.12)",
            "0px 10px 13px -6px rgba(0,0,0,0.2),0px 21px 33px 3px rgba(0,0,0,0.14),0px 8px 40px 7px rgba(0,0,0,0.12)",
            "0px 10px 14px -6px rgba(0,0,0,0.2),0px 22px 35px 3px rgba(0,0,0,0.14),0px 8px 42px 7px rgba(0,0,0,0.12)",
            "0px 11px 14px -7px rgba(0,0,0,0.2),0px 23px 36px 3px rgba(0,0,0,0.14),0px 9px 44px 8px rgba(0,0,0,0.12)",
            "0px 11px 15px -7px rgba(0,0,0,0.2),0px 24px 38px 3px rgba(0,0,0,0.14),0px 9px 46px 8px rgba(0,0,0,0.12)",
          ],
          "shape": Object {
            "borderRadius": 4,
          },
          "spacing": [Function],
          "transitions": Object {
            "create": [Function],
            "duration": Object {
              "complex": 375,
              "enteringScreen": 225,
              "leavingScreen": 195,
              "short": 250,
              "shorter": 200,
              "shortest": 150,
              "standard": 300,
            },
            "easing": Object {
              "easeIn": "cubic-bezier(0.4, 0, 1, 1)",
              "easeInOut": "cubic-bezier(0.4, 0, 0.2, 1)",
              "easeOut": "cubic-bezier(0.0, 0, 0.2, 1)",
              "sharp": "cubic-bezier(0.4, 0, 0.6, 1)",
            },
            "getAutoHeightDuration": [Function],
          },
          "typography": Object {
            "body1": Object {
              "fontFamily": "\\"Roboto\\", \\"Helvetica\\", \\"Arial\\", sans-serif",
              "fontSize": "1rem",
              "fontWeight": 400,
              "letterSpacing": "0.00938em",
              "lineHeight": 1.5,
            },
            "body2": Object {
              "fontFamily": "\\"Roboto\\", \\"Helvetica\\", \\"Arial\\", sans-serif",
              "fontSize": "0.875rem",
              "fontWeight": 400,
              "letterSpacing": "0.01071em",
              "lineHeight": 1.43,
            },
            "button": Object {
              "fontFamily": "\\"Roboto\\", \\"Helvetica\\", \\"Arial\\", sans-serif",
              "fontSize": "0.875rem",
              "fontWeight": 500,
              "letterSpacing": "0.02857em",
              "lineHeight": 1.75,
              "textTransform": "uppercase",
            },
            "caption": Object {
              "fontFamily": "\\"Roboto\\", \\"Helvetica\\", \\"Arial\\", sans-serif",
              "fontSize": "0.75rem",
              "fontWeight": 400,
              "letterSpacing": "0.03333em",
              "lineHeight": 1.66,
            },
            "fontFamily": "\\"Roboto\\", \\"Helvetica\\", \\"Arial\\", sans-serif",
            "fontSize": 14,
            "fontWeightBold": 700,
            "fontWeightLight": 300,
            "fontWeightMedium": 500,
            "fontWeightRegular": 400,
            "h1": Object {
              "fontFamily": "\\"Roboto\\", \\"Helvetica\\", \\"Arial\\", sans-serif",
              "fontSize": "6rem",
              "fontWeight": 300,
              "letterSpacing": "-0.01562em",
              "lineHeight": 1.167,
            },
            "h2": Object {
              "fontFamily": "\\"Roboto\\", \\"Helvetica\\", \\"Arial\\", sans-serif",
              "fontSize": "3.75rem",
              "fontWeight": 300,
              "letterSpacing": "-0.00833em",
              "lineHeight": 1.2,
            },
            "h3": Object {
              "fontFamily": "\\"Roboto\\", \\"Helvetica\\", \\"Arial\\", sans-serif",
              "fontSize": "3rem",
              "fontWeight": 400,
              "letterSpacing": "0em",
              "lineHeight": 1.167,
            },
            "h4": Object {
              "fontFamily": "\\"Roboto\\", \\"Helvetica\\", \\"Arial\\", sans-serif",
              "fontSize": "2.125rem",
              "fontWeight": 400,
              "letterSpacing": "0.00735em",
              "lineHeight": 1.235,
            },
            "h5": Object {
              "fontFamily": "\\"Roboto\\", \\"Helvetica\\", \\"Arial\\", sans-serif",
              "fontSize": "1.5rem",
              "fontWeight": 400,
              "letterSpacing": "0em",
              "lineHeight": 1.334,
            },
            "h6": Object {
              "fontFamily": "\\"Roboto\\", \\"Helvetica\\", \\"Arial\\", sans-serif",
              "fontSize": "1.25rem",
              "fontWeight": 500,
              "letterSpacing": "0.0075em",
              "lineHeight": 1.6,
            },
            "htmlFontSize": 16,
            "overline": Object {
              "fontFamily": "\\"Roboto\\", \\"Helvetica\\", \\"Arial\\", sans-serif",
              "fontSize": "0.75rem",
              "fontWeight": 400,
              "letterSpacing": "0.08333em",
              "lineHeight": 2.66,
              "textTransform": "uppercase",
            },
            "pxToRem": [Function],
            "round": [Function],
            "subtitle1": Object {
              "fontFamily": "\\"Roboto\\", \\"Helvetica\\", \\"Arial\\", sans-serif",
              "fontSize": "1rem",
              "fontWeight": 400,
              "letterSpacing": "0.00938em",
              "lineHeight": 1.75,
            },
            "subtitle2": Object {
              "fontFamily": "\\"Roboto\\", \\"Helvetica\\", \\"Arial\\", sans-serif",
              "fontSize": "0.875rem",
              "fontWeight": 500,
              "letterSpacing": "0.00714em",
              "lineHeight": 1.57,
            },
          },
          "zIndex": Object {
            "appBar": 1100,
            "drawer": 1200,
            "mobileStepper": 1000,
            "modal": 1300,
            "snackbar": 1400,
            "speedDial": 1050,
            "tooltip": 1500,
          },
        },
        "name": "FullScreenDialog",
      },
      "propTypes": Object {
        "classes": [Function],
        "innerRef": [Function],
      },
      "render": [Function],
      "useStyles": [Function],
      Symbol(Symbol.hasInstance): [Function],
    },
  },
  Symbol(enzyme.__nodes__): Array [
    Object {
      "instance": null,
      "key": undefined,
      "nodeType": "function",
      "props": Object {
        "children": Array [
          <SettingsSection
            settings={
              Array [
                Object {
                  "icon": <div
                    className="Settings__UserIcon__Container"
                  >
                    <UNDEFINED
                      accountIcon={
                        Object {
                          "$$typeof": Symbol(react.memo),
                          "compare": null,
                          "displayName": "PersonIcon",
                          "muiName": "SvgIcon",
                          "type": Object {
                            "$$typeof": Symbol(react.forward_ref),
                            "render": [Function],
                          },
                        }
                      }
                      link={false}
                    />
                  </div>,
                  "rightContent": <ForwardRef(WithStyles)
                    color="primary"
                    component={
                      Object {
                        "$$typeof": Symbol(react.forward_ref),
                        "displayName": "Link",
                        "propTypes": Object {
                          "innerRef": [Function],
                          "onClick": [Function],
                          "replace": [Function],
                          "target": [Function],
                          "to": [Function],
                        },
                        "render": [Function],
                      }
                    }
                    to="/login-signup"
                  >
                    <FormattedMessage
                      defaultMessage="Login / Sign Up"
                      id="cboard.components.Settings.loginSignup"
                      values={Object {}}
                    />
                  </ForwardRef(WithStyles)>,
                  "secondary": null,
                  "text": Object {
                    "defaultMessage": "Guest",
                    "id": "cboard.components.Settings.guest",
                  },
                  "url": "/settings/people",
                },
              ]
            }
            subheader={
              Object {
                "defaultMessage": "People",
                "id": "cboard.components.Settings.people",
              }
            }
          />,
          <SettingsSection
            settings={
              Array [
                Object {
                  "icon": <UNDEFINED />,
                  "text": Object {
                    "defaultMessage": "Language",
                    "id": "cboard.components.Settings.language",
                  },
                  "url": "/settings/language",
                },
                Object {
                  "icon": <UNDEFINED />,
                  "text": Object {
                    "defaultMessage": "Speech",
                    "id": "cboard.components.Settings.speech",
                  },
                  "url": "/settings/speech",
                },
              ]
            }
            subheader={
              Object {
                "defaultMessage": "Language",
                "id": "cboard.components.Settings.language",
              }
            }
          />,
          <SettingsSection
            settings={
              Array [
                Object {
                  "icon": <UNDEFINED />,
                  "text": Object {
                    "defaultMessage": "Export",
                    "id": "cboard.components.Settings.export",
                  },
                  "url": "/settings/export",
                },
                Object {
                  "icon": <UNDEFINED />,
                  "text": Object {
                    "defaultMessage": "Import",
                    "id": "cboard.components.Settings.import",
                  },
                  "url": "/settings/import",
                },
                Object {
                  "icon": <UNDEFINED />,
                  "text": Object {
                    "defaultMessage": "Display",
                    "id": "cboard.components.Settings.display",
                  },
                  "url": "/settings/display",
                },
                Object {
                  "icon": <UNDEFINED />,
                  "text": Object {
                    "defaultMessage": "Scanning",
                    "id": "cboard.components.Settings.scanning",
                  },
                  "url": "/settings/scanning",
                },
                Object {
                  "icon": <UNDEFINED />,
                  "text": Object {
                    "defaultMessage": "Navigation",
                    "id": "cboard.components.Settings.navigation",
                  },
                  "url": "/settings/navigation",
                },
              ]
            }
            subheader={
              Object {
                "defaultMessage": "System",
                "id": "cboard.components.Settings.system",
              }
            }
          />,
          <SettingsSection
            settings={
              Array [
                Object {
                  "icon": <UNDEFINED />,
                  "onClick": [Function],
                  "text": Object {
                    "defaultMessage": "User Help",
                    "id": "cboard.components.Settings.userHelp",
                  },
                },
                Object {
                  "icon": <UNDEFINED />,
                  "text": Object {
                    "defaultMessage": "About Cboard",
                    "id": "cboard.components.Settings.about",
                  },
                  "url": "/settings/about",
                },
                Object {
                  "icon": <UNDEFINED />,
                  "onClick": [Function],
                  "text": Object {
                    "defaultMessage": "Donate",
                    "id": "cboard.components.Settings.donate",
                  },
                },
                Object {
                  "icon": <UNDEFINED />,
                  "onClick": [Function],
                  "text": Object {
                    "defaultMessage": "Feedback",
                    "id": "cboard.components.Settings.feedback",
                  },
                },
              ]
            }
            subheader={
              Object {
                "defaultMessage": "Help",
                "id": "cboard.components.Settings.help",
              }
            }
          />,
        ],
        "className": "Settings",
        "onClose": [Function],
        "open": true,
        "title": <FormattedMessage
          defaultMessage="Settings"
          id="cboard.components.Settings.settings"
          values={Object {}}
        />,
      },
      "ref": null,
      "rendered": Array [
        Object {
          "instance": null,
          "key": "0",
          "nodeType": "class",
          "props": Object {
            "settings": Array [
              Object {
                "icon": <div
                  className="Settings__UserIcon__Container"
                >
                  <UNDEFINED
                    accountIcon={
                      Object {
                        "$$typeof": Symbol(react.memo),
                        "compare": null,
                        "displayName": "PersonIcon",
                        "muiName": "SvgIcon",
                        "type": Object {
                          "$$typeof": Symbol(react.forward_ref),
                          "render": [Function],
                        },
                      }
                    }
                    link={false}
                  />
                </div>,
                "rightContent": <ForwardRef(WithStyles)
                  color="primary"
                  component={
                    Object {
                      "$$typeof": Symbol(react.forward_ref),
                      "displayName": "Link",
                      "propTypes": Object {
                        "innerRef": [Function],
                        "onClick": [Function],
                        "replace": [Function],
                        "target": [Function],
                        "to": [Function],
                      },
                      "render": [Function],
                    }
                  }
                  to="/login-signup"
                >
                  <FormattedMessage
                    defaultMessage="Login / Sign Up"
                    id="cboard.components.Settings.loginSignup"
                    values={Object {}}
                  />
                </ForwardRef(WithStyles)>,
                "secondary": null,
                "text": Object {
                  "defaultMessage": "Guest",
                  "id": "cboard.components.Settings.guest",
                },
                "url": "/settings/people",
              },
            ],
            "subheader": Object {
              "defaultMessage": "People",
              "id": "cboard.components.Settings.people",
            },
          },
          "ref": null,
          "rendered": null,
          "type": [Function],
        },
        Object {
          "instance": null,
          "key": "1",
          "nodeType": "class",
          "props": Object {
            "settings": Array [
              Object {
                "icon": <UNDEFINED />,
                "text": Object {
                  "defaultMessage": "Language",
                  "id": "cboard.components.Settings.language",
                },
                "url": "/settings/language",
              },
              Object {
                "icon": <UNDEFINED />,
                "text": Object {
                  "defaultMessage": "Speech",
                  "id": "cboard.components.Settings.speech",
                },
                "url": "/settings/speech",
              },
            ],
            "subheader": Object {
              "defaultMessage": "Language",
              "id": "cboard.components.Settings.language",
            },
          },
          "ref": null,
          "rendered": null,
          "type": [Function],
        },
        Object {
          "instance": null,
          "key": "2",
          "nodeType": "class",
          "props": Object {
            "settings": Array [
              Object {
                "icon": <UNDEFINED />,
                "text": Object {
                  "defaultMessage": "Export",
                  "id": "cboard.components.Settings.export",
                },
                "url": "/settings/export",
              },
              Object {
                "icon": <UNDEFINED />,
                "text": Object {
                  "defaultMessage": "Import",
                  "id": "cboard.components.Settings.import",
                },
                "url": "/settings/import",
              },
              Object {
                "icon": <UNDEFINED />,
                "text": Object {
                  "defaultMessage": "Display",
                  "id": "cboard.components.Settings.display",
                },
                "url": "/settings/display",
              },
              Object {
                "icon": <UNDEFINED />,
                "text": Object {
                  "defaultMessage": "Scanning",
                  "id": "cboard.components.Settings.scanning",
                },
                "url": "/settings/scanning",
              },
              Object {
                "icon": <UNDEFINED />,
                "text": Object {
                  "defaultMessage": "Navigation",
                  "id": "cboard.components.Settings.navigation",
                },
                "url": "/settings/navigation",
              },
            ],
            "subheader": Object {
              "defaultMessage": "System",
              "id": "cboard.components.Settings.system",
            },
          },
          "ref": null,
          "rendered": null,
          "type": [Function],
        },
        Object {
          "instance": null,
          "key": "3",
          "nodeType": "class",
          "props": Object {
            "settings": Array [
              Object {
                "icon": <UNDEFINED />,
                "onClick": [Function],
                "text": Object {
                  "defaultMessage": "User Help",
                  "id": "cboard.components.Settings.userHelp",
                },
              },
              Object {
                "icon": <UNDEFINED />,
                "text": Object {
                  "defaultMessage": "About Cboard",
                  "id": "cboard.components.Settings.about",
                },
                "url": "/settings/about",
              },
              Object {
                "icon": <UNDEFINED />,
                "onClick": [Function],
                "text": Object {
                  "defaultMessage": "Donate",
                  "id": "cboard.components.Settings.donate",
                },
              },
              Object {
                "icon": <UNDEFINED />,
                "onClick": [Function],
                "text": Object {
                  "defaultMessage": "Feedback",
                  "id": "cboard.components.Settings.feedback",
                },
              },
            ],
            "subheader": Object {
              "defaultMessage": "Help",
              "id": "cboard.components.Settings.help",
            },
          },
          "ref": null,
          "rendered": null,
          "type": [Function],
        },
      ],
      "type": Object {
        "$$typeof": Symbol(react.forward_ref),
        "Naked": [Function],
        "defaultProps": Object {
          "onClose": [Function],
        },
        "displayName": "WithStyles(FullScreenDialog)",
        "options": Object {
          "defaultTheme": Object {
            "breakpoints": Object {
              "between": [Function],
              "down": [Function],
              "keys": Array [
                "xs",
                "sm",
                "md",
                "lg",
                "xl",
              ],
              "only": [Function],
              "up": [Function],
              "values": Object {
                "lg": 1280,
                "md": 960,
                "sm": 600,
                "xl": 1920,
                "xs": 0,
              },
              "width": [Function],
            },
            "direction": "ltr",
            "mixins": Object {
              "gutters": [Function],
              "toolbar": Object {
                "@media (min-width:0px) and (orientation: landscape)": Object {
                  "minHeight": 48,
                },
                "@media (min-width:600px)": Object {
                  "minHeight": 64,
                },
                "minHeight": 56,
              },
            },
            "overrides": Object {},
            "palette": Object {
              "action": Object {
                "active": "rgba(0, 0, 0, 0.54)",
                "disabled": "rgba(0, 0, 0, 0.26)",
                "disabledBackground": "rgba(0, 0, 0, 0.12)",
                "hover": "rgba(0, 0, 0, 0.04)",
                "hoverOpacity": 0.04,
                "selected": "rgba(0, 0, 0, 0.08)",
                "selectedOpacity": 0.08,
              },
              "augmentColor": [Function],
              "background": Object {
                "default": "#fafafa",
                "paper": "#fff",
              },
              "common": Object {
                "black": "#000",
                "white": "#fff",
              },
              "contrastThreshold": 3,
              "divider": "rgba(0, 0, 0, 0.12)",
              "error": Object {
                "contrastText": "#fff",
                "dark": "#d32f2f",
                "light": "#e57373",
                "main": "#f44336",
              },
              "getContrastText": [Function],
              "grey": Object {
                "100": "#f5f5f5",
                "200": "#eeeeee",
                "300": "#e0e0e0",
                "400": "#bdbdbd",
                "50": "#fafafa",
                "500": "#9e9e9e",
                "600": "#757575",
                "700": "#616161",
                "800": "#424242",
                "900": "#212121",
                "A100": "#d5d5d5",
                "A200": "#aaaaaa",
                "A400": "#303030",
                "A700": "#616161",
              },
              "info": Object {
                "contrastText": "#fff",
                "dark": "#1976d2",
                "light": "#64b5f6",
                "main": "#2196f3",
              },
              "primary": Object {
                "contrastText": "#fff",
                "dark": "#303f9f",
                "light": "#7986cb",
                "main": "#3f51b5",
              },
              "secondary": Object {
                "contrastText": "#fff",
                "dark": "#c51162",
                "light": "#ff4081",
                "main": "#f50057",
              },
              "success": Object {
                "contrastText": "rgba(0, 0, 0, 0.87)",
                "dark": "#388e3c",
                "light": "#81c784",
                "main": "#4caf50",
              },
              "text": Object {
                "disabled": "rgba(0, 0, 0, 0.38)",
                "hint": "rgba(0, 0, 0, 0.38)",
                "primary": "rgba(0, 0, 0, 0.87)",
                "secondary": "rgba(0, 0, 0, 0.54)",
              },
              "tonalOffset": 0.2,
              "type": "light",
              "warning": Object {
                "contrastText": "rgba(0, 0, 0, 0.87)",
                "dark": "#f57c00",
                "light": "#ffb74d",
                "main": "#ff9800",
              },
            },
            "props": Object {},
            "shadows": Array [
              "none",
              "0px 2px 1px -1px rgba(0,0,0,0.2),0px 1px 1px 0px rgba(0,0,0,0.14),0px 1px 3px 0px rgba(0,0,0,0.12)",
              "0px 3px 1px -2px rgba(0,0,0,0.2),0px 2px 2px 0px rgba(0,0,0,0.14),0px 1px 5px 0px rgba(0,0,0,0.12)",
              "0px 3px 3px -2px rgba(0,0,0,0.2),0px 3px 4px 0px rgba(0,0,0,0.14),0px 1px 8px 0px rgba(0,0,0,0.12)",
              "0px 2px 4px -1px rgba(0,0,0,0.2),0px 4px 5px 0px rgba(0,0,0,0.14),0px 1px 10px 0px rgba(0,0,0,0.12)",
              "0px 3px 5px -1px rgba(0,0,0,0.2),0px 5px 8px 0px rgba(0,0,0,0.14),0px 1px 14px 0px rgba(0,0,0,0.12)",
              "0px 3px 5px -1px rgba(0,0,0,0.2),0px 6px 10px 0px rgba(0,0,0,0.14),0px 1px 18px 0px rgba(0,0,0,0.12)",
              "0px 4px 5px -2px rgba(0,0,0,0.2),0px 7px 10px 1px rgba(0,0,0,0.14),0px 2px 16px 1px rgba(0,0,0,0.12)",
              "0px 5px 5px -3px rgba(0,0,0,0.2),0px 8px 10px 1px rgba(0,0,0,0.14),0px 3px 14px 2px rgba(0,0,0,0.12)",
              "0px 5px 6px -3px rgba(0,0,0,0.2),0px 9px 12px 1px rgba(0,0,0,0.14),0px 3px 16px 2px rgba(0,0,0,0.12)",
              "0px 6px 6px -3px rgba(0,0,0,0.2),0px 10px 14px 1px rgba(0,0,0,0.14),0px 4px 18px 3px rgba(0,0,0,0.12)",
              "0px 6px 7px -4px rgba(0,0,0,0.2),0px 11px 15px 1px rgba(0,0,0,0.14),0px 4px 20px 3px rgba(0,0,0,0.12)",
              "0px 7px 8px -4px rgba(0,0,0,0.2),0px 12px 17px 2px rgba(0,0,0,0.14),0px 5px 22px 4px rgba(0,0,0,0.12)",
              "0px 7px 8px -4px rgba(0,0,0,0.2),0px 13px 19px 2px rgba(0,0,0,0.14),0px 5px 24px 4px rgba(0,0,0,0.12)",
              "0px 7px 9px -4px rgba(0,0,0,0.2),0px 14px 21px 2px rgba(0,0,0,0.14),0px 5px 26px 4px rgba(0,0,0,0.12)",
              "0px 8px 9px -5px rgba(0,0,0,0.2),0px 15px 22px 2px rgba(0,0,0,0.14),0px 6px 28px 5px rgba(0,0,0,0.12)",
              "0px 8px 10px -5px rgba(0,0,0,0.2),0px 16px 24px 2px rgba(0,0,0,0.14),0px 6px 30px 5px rgba(0,0,0,0.12)",
              "0px 8px 11px -5px rgba(0,0,0,0.2),0px 17px 26px 2px rgba(0,0,0,0.14),0px 6px 32px 5px rgba(0,0,0,0.12)",
              "0px 9px 11px -5px rgba(0,0,0,0.2),0px 18px 28px 2px rgba(0,0,0,0.14),0px 7px 34px 6px rgba(0,0,0,0.12)",
              "0px 9px 12px -6px rgba(0,0,0,0.2),0px 19px 29px 2px rgba(0,0,0,0.14),0px 7px 36px 6px rgba(0,0,0,0.12)",
              "0px 10px 13px -6px rgba(0,0,0,0.2),0px 20px 31px 3px rgba(0,0,0,0.14),0px 8px 38px 7px rgba(0,0,0,0.12)",
              "0px 10px 13px -6px rgba(0,0,0,0.2),0px 21px 33px 3px rgba(0,0,0,0.14),0px 8px 40px 7px rgba(0,0,0,0.12)",
              "0px 10px 14px -6px rgba(0,0,0,0.2),0px 22px 35px 3px rgba(0,0,0,0.14),0px 8px 42px 7px rgba(0,0,0,0.12)",
              "0px 11px 14px -7px rgba(0,0,0,0.2),0px 23px 36px 3px rgba(0,0,0,0.14),0px 9px 44px 8px rgba(0,0,0,0.12)",
              "0px 11px 15px -7px rgba(0,0,0,0.2),0px 24px 38px 3px rgba(0,0,0,0.14),0px 9px 46px 8px rgba(0,0,0,0.12)",
            ],
            "shape": Object {
              "borderRadius": 4,
            },
            "spacing": [Function],
            "transitions": Object {
              "create": [Function],
              "duration": Object {
                "complex": 375,
                "enteringScreen": 225,
                "leavingScreen": 195,
                "short": 250,
                "shorter": 200,
                "shortest": 150,
                "standard": 300,
              },
              "easing": Object {
                "easeIn": "cubic-bezier(0.4, 0, 1, 1)",
                "easeInOut": "cubic-bezier(0.4, 0, 0.2, 1)",
                "easeOut": "cubic-bezier(0.0, 0, 0.2, 1)",
                "sharp": "cubic-bezier(0.4, 0, 0.6, 1)",
              },
              "getAutoHeightDuration": [Function],
            },
            "typography": Object {
              "body1": Object {
                "fontFamily": "\\"Roboto\\", \\"Helvetica\\", \\"Arial\\", sans-serif",
                "fontSize": "1rem",
                "fontWeight": 400,
                "letterSpacing": "0.00938em",
                "lineHeight": 1.5,
              },
              "body2": Object {
                "fontFamily": "\\"Roboto\\", \\"Helvetica\\", \\"Arial\\", sans-serif",
                "fontSize": "0.875rem",
                "fontWeight": 400,
                "letterSpacing": "0.01071em",
                "lineHeight": 1.43,
              },
              "button": Object {
                "fontFamily": "\\"Roboto\\", \\"Helvetica\\", \\"Arial\\", sans-serif",
                "fontSize": "0.875rem",
                "fontWeight": 500,
                "letterSpacing": "0.02857em",
                "lineHeight": 1.75,
                "textTransform": "uppercase",
              },
              "caption": Object {
                "fontFamily": "\\"Roboto\\", \\"Helvetica\\", \\"Arial\\", sans-serif",
                "fontSize": "0.75rem",
                "fontWeight": 400,
                "letterSpacing": "0.03333em",
                "lineHeight": 1.66,
              },
              "fontFamily": "\\"Roboto\\", \\"Helvetica\\", \\"Arial\\", sans-serif",
              "fontSize": 14,
              "fontWeightBold": 700,
              "fontWeightLight": 300,
              "fontWeightMedium": 500,
              "fontWeightRegular": 400,
              "h1": Object {
                "fontFamily": "\\"Roboto\\", \\"Helvetica\\", \\"Arial\\", sans-serif",
                "fontSize": "6rem",
                "fontWeight": 300,
                "letterSpacing": "-0.01562em",
                "lineHeight": 1.167,
              },
              "h2": Object {
                "fontFamily": "\\"Roboto\\", \\"Helvetica\\", \\"Arial\\", sans-serif",
                "fontSize": "3.75rem",
                "fontWeight": 300,
                "letterSpacing": "-0.00833em",
                "lineHeight": 1.2,
              },
              "h3": Object {
                "fontFamily": "\\"Roboto\\", \\"Helvetica\\", \\"Arial\\", sans-serif",
                "fontSize": "3rem",
                "fontWeight": 400,
                "letterSpacing": "0em",
                "lineHeight": 1.167,
              },
              "h4": Object {
                "fontFamily": "\\"Roboto\\", \\"Helvetica\\", \\"Arial\\", sans-serif",
                "fontSize": "2.125rem",
                "fontWeight": 400,
                "letterSpacing": "0.00735em",
                "lineHeight": 1.235,
              },
              "h5": Object {
                "fontFamily": "\\"Roboto\\", \\"Helvetica\\", \\"Arial\\", sans-serif",
                "fontSize": "1.5rem",
                "fontWeight": 400,
                "letterSpacing": "0em",
                "lineHeight": 1.334,
              },
              "h6": Object {
                "fontFamily": "\\"Roboto\\", \\"Helvetica\\", \\"Arial\\", sans-serif",
                "fontSize": "1.25rem",
                "fontWeight": 500,
                "letterSpacing": "0.0075em",
                "lineHeight": 1.6,
              },
              "htmlFontSize": 16,
              "overline": Object {
                "fontFamily": "\\"Roboto\\", \\"Helvetica\\", \\"Arial\\", sans-serif",
                "fontSize": "0.75rem",
                "fontWeight": 400,
                "letterSpacing": "0.08333em",
                "lineHeight": 2.66,
                "textTransform": "uppercase",
              },
              "pxToRem": [Function],
              "round": [Function],
              "subtitle1": Object {
                "fontFamily": "\\"Roboto\\", \\"Helvetica\\", \\"Arial\\", sans-serif",
                "fontSize": "1rem",
                "fontWeight": 400,
                "letterSpacing": "0.00938em",
                "lineHeight": 1.75,
              },
              "subtitle2": Object {
                "fontFamily": "\\"Roboto\\", \\"Helvetica\\", \\"Arial\\", sans-serif",
                "fontSize": "0.875rem",
                "fontWeight": 500,
                "letterSpacing": "0.00714em",
                "lineHeight": 1.57,
              },
            },
            "zIndex": Object {
              "appBar": 1100,
              "drawer": 1200,
              "mobileStepper": 1000,
              "modal": 1300,
              "snackbar": 1400,
              "speedDial": 1050,
              "tooltip": 1500,
            },
          },
          "name": "FullScreenDialog",
        },
        "propTypes": Object {
          "classes": [Function],
          "innerRef": [Function],
        },
        "render": [Function],
        "useStyles": [Function],
        Symbol(Symbol.hasInstance): [Function],
      },
    },
  ],
  Symbol(enzyme.__options__): Object {
    "adapter": ReactSixteenAdapter {
      "options": Object {
        "enableComponentDidUpdateOnSetState": true,
        "legacyContextMode": "parent",
        "lifecycles": Object {
          "componentDidUpdate": Object {
            "onSetState": true,
          },
          "getChildContext": Object {
            "calledByRenderer": false,
          },
          "getDerivedStateFromError": true,
          "getDerivedStateFromProps": Object {
            "hasShouldComponentUpdateBug": false,
          },
          "getSnapshotBeforeUpdate": true,
          "setState": Object {
            "skipsComponentDidUpdateOnNullish": true,
          },
        },
      },
    },
    Symbol(enzyme.__providerValues__): undefined,
  },
  Symbol(enzyme.__providerValues__): Map {},
  Symbol(enzyme.__childContext__): null,
}
`;
