// Jest Snapshot v1, https://goo.gl/fbAQLP

exports[`CommunicatorDialog (dashboard) renders the dashboard shell 1`] = `
<WithStyles(FullScreenDialog)
  fullWidth={true}
  onClose={[MockFunction]}
  open={true}
  title="title"
>
  <div
    className="makeStyles-dashboard-1"
  >
    <DashboardNav
      intl={
        Object {
          "formatMessage": [Function],
        }
      }
      mobileOpen={false}
      onChange={[Function]}
      onMobileClose={[Function]}
      section="myCommunicator"
    />
    <main
      className="makeStyles-content-3"
    >
      <div
        className="makeStyles-stickyHeader-4"
      >
        <SectionHeader
          intl={
            Object {
              "formatMessage": [Function],
            }
          }
          onOpenNav={[Function]}
          section="myCommunicator"
          total={0}
        />
      </div>
      <div
        className="makeStyles-boards-5"
      >
        <QuickAccessTray
          boards={Array []}
          busyBoardId={null}
          communicator={
            Object {
              "boards": Array [
                "board-1",
                "board-2",
              ],
              "id": "comm-1",
              "name": "My Communicator",
              "rootBoard": "board-1",
            }
          }
          intl={
            Object {
              "formatMessage": [Function],
            }
          }
          onGoToMyBoards={[Function]}
          onMove={[Function]}
          onRemove={[Function]}
          onSetRoot={[Function]}
        />
      </div>
      <LiveRegion
        message=""
      />
      <CommunicatorDialogTour
        communicatorTour={Object {}}
        disableTour={[MockFunction]}
        intl={
          Object {
            "formatMessage": [Function],
          }
        }
        selectedTab={0}
      />
    </main>
  </div>
  <BoardInfoDialog
    board={null}
    intl={
      Object {
        "formatMessage": [Function],
      }
    }
    onClose={[Function]}
    open={false}
  />
  <ConfirmDialog
    description="deleteBoardDescription"
    intl={
      Object {
        "formatMessage": [Function],
      }
    }
    onClose={[Function]}
    onConfirm={[Function]}
    open={false}
    title="deleteBoard"
  />
  <ConfirmDialog
    description="copyBoardDescription"
    intl={
      Object {
        "formatMessage": [Function],
      }
    }
    onClose={[Function]}
    onConfirm={[Function]}
    open={false}
    premium={true}
    title="copyBoard"
  />
  <PublishBoardDialog
    board={null}
    intl={
      Object {
        "formatMessage": [Function],
      }
    }
    onClose={[Function]}
    onPublish={[Function]}
    onUpdateBoard={[Function]}
    open={false}
  />
  <EditBoardDialog
    board={null}
    disableTour={[MockFunction]}
    intl={
      Object {
        "formatMessage": [Function],
      }
    }
    isSymbolSearchTourEnabled={false}
    onClose={[Function]}
    onUpdateBoard={[Function]}
    open={false}
  />
  <ReportBoardDialog
    board={null}
    intl={
      Object {
        "formatMessage": [Function],
      }
    }
    onClose={[Function]}
    onReport={[Function]}
    open={false}
    userData={
      Object {
        "authToken": "token",
        "email": "tester@cboard.io",
        "name": "Tester",
      }
    }
  />
</WithStyles(FullScreenDialog)>
`;
