// Jest Snapshot v1, https://goo.gl/fbAQLP

exports[`IconButton tests default renderer 1`] = `
<React.Fragment>
  <WithStyles(ForwardRef(Tooltip))
    placement="bottom"
    title="Go back"
  >
    <WithStyles(ForwardRef(IconButton))
      aria-label="Go back"
      color="inherit"
    >
      <div>
        icon
      </div>
    </WithStyles(ForwardRef(IconButton))>
  </WithStyles(ForwardRef(Tooltip))>
</React.Fragment>
`;
