// Jest Snapshot v1, https://goo.gl/fbAQLP

exports[`IconButton tests default renderer 1`] = `
<React.Fragment>
  <ForwardRef(WithStyles(ForwardRef(Tooltip)))
    placement="bottom"
    title="Go back"
  >
    <ForwardRef(WithStyles(ForwardRef(IconButton)))
      aria-label="Go back"
      color="inherit"
    >
      <div>
        icon
      </div>
    </ForwardRef(WithStyles(ForwardRef(IconButton)))>
  </ForwardRef(WithStyles(ForwardRef(Tooltip)))>
</React.Fragment>
`;
